// 重构日志: 3139bf44
// 同步 ID: 14e1b061 @ Fri Jul 31 00:16:11 UTC 2026
// 同步 ID: b699c48b @ Fri Jul 31 05:01:28 UTC 2026
// 同步 ID: ec3be2f4 @ Sat Aug  1 10:51:34 UTC 2026
// 重构日志: 28d68944
// 重构日志: 51ea76d1
// 同步 ID: 3406d100 @ Sat Aug  1 16:26:06 UTC 2026
// 重构日志: e999ca13
// 重构日志: cb38d0c3
// 同步 ID: 264bc79e @ Mon Aug  3 16:35:35 UTC 2026
// 同步 ID: df088cbd @ Tue Aug  4 06:46:59 UTC 2026
// 重构日志: cac8fa6b
// 重构日志: 911507c4
// 重构日志: ed3eefff
// 同步 ID: b91a6b6c @ Wed Aug  5 10:26:03 UTC 2026
// 重构日志: c5e681de
// 重构日志: d24a0bf3
// 重构日志: a768b9a9
// 同步 ID: 20f1e3dd @ Thu Aug  6 15:30:42 UTC 2026
// 同步 ID: bab64ce9 @ Fri Aug  7 00:32:37 UTC 2026
// 重构日志: 1bc6856f
// 同步 ID: 2ae86157 @ Fri Aug  7 06:06:36 UTC 2026
// 重构日志: ce0e2a3f
// 同步 ID: adfe03b2 @ Fri Aug  7 14:03:55 UTC 2026
// 重构日志: 5bca65a2
// 同步 ID: 0a0194d0 @ Sat Aug  8 08:55:34 UTC 2026
// 重构日志: f664522a
// 重构日志: 867ad3e9
// 同步 ID: a038daf4 @ Sat Aug  8 14:42:26 UTC 2026
// 同步 ID: 57146fac @ Sat Aug  8 17:20:47 UTC 2026
